Archive member included to satisfy reference by file (symbol)

d:/atmel/studio/7.0/toolchain/avr8/avr8-gnu-toolchain/bin/../lib/gcc/avr/5.4.0/avr5\libgcc.a(_exit.o)
                              D:/Atmel/Studio/7.0/Packs/atmel/ATmega_DFP/1.6.364/gcc/dev/atmega32a/avr5/crtatmega32a.o (exit)

Discarded input sections

 .data          0x00000000        0x0 D:/Atmel/Studio/7.0/Packs/atmel/ATmega_DFP/1.6.364/gcc/dev/atmega32a/avr5/crtatmega32a.o
 .bss           0x00000000        0x0 D:/Atmel/Studio/7.0/Packs/atmel/ATmega_DFP/1.6.364/gcc/dev/atmega32a/avr5/crtatmega32a.o
 .text          0x00000000        0x0 APP/ASMH_program.o
 .data          0x00000000        0x0 APP/ASMH_program.o
 .bss           0x00000000        0x0 APP/ASMH_program.o
 .text.asmh_slaveSPIrecvCmd
                0x00000000        0xa APP/ASMH_program.o
 .text.asmh_slaveProcessRecvData
                0x00000000       0x4c APP/ASMH_program.o
 .text          0x00000000        0x0 HAL/BTH/HBTH_program.o
 .data          0x00000000        0x0 HAL/BTH/HBTH_program.o
 .bss           0x00000000        0x0 HAL/BTH/HBTH_program.o
 .text          0x00000000        0x0 HAL/LED/HLED_program.o
 .data          0x00000000        0x0 HAL/LED/HLED_program.o
 .bss           0x00000000        0x0 HAL/LED/HLED_program.o
 .text.hled_turnOnLED
                0x00000000       0x22 HAL/LED/HLED_program.o
 .text.hled_turnOffLED
                0x00000000       0x22 HAL/LED/HLED_program.o
 .text.hled_toggleLED
                0x00000000       0x1e HAL/LED/HLED_program.o
 .text          0x00000000        0x0 main.o
 .data          0x00000000        0x0 main.o
 .bss           0x00000000        0x0 main.o
 .text          0x00000000        0x0 MCAL/GPIO/MDIO_program.o
 .data          0x00000000        0x0 MCAL/GPIO/MDIO_program.o
 .bss           0x00000000        0x0 MCAL/GPIO/MDIO_program.o
 .text.mdio_setPinValue
                0x00000000       0x80 MCAL/GPIO/MDIO_program.o
 .text.mdio_togglePinValue
                0x00000000       0x30 MCAL/GPIO/MDIO_program.o
 .text.mdio_getPinValue
                0x00000000       0x4c MCAL/GPIO/MDIO_program.o
 .text          0x00000000        0x0 MCAL/SPI/MSPI_program.o
 .data          0x00000000        0x0 MCAL/SPI/MSPI_program.o
 .bss           0x00000000        0x0 MCAL/SPI/MSPI_program.o
 .text.mspi_slaveSendRecvByte
                0x00000000        0xe MCAL/SPI/MSPI_program.o
 .text          0x00000000        0x0 MCAL/UART/MUART_program.o
 .data          0x00000000        0x0 MCAL/UART/MUART_program.o
 .bss           0x00000000        0x0 MCAL/UART/MUART_program.o
 .text.muart_sendByte
                0x00000000       0x28 MCAL/UART/MUART_program.o
 .text.muart_sendStream
                0x00000000       0x2c MCAL/UART/MUART_program.o
 .text          0x00000000        0x0 d:/atmel/studio/7.0/toolchain/avr8/avr8-gnu-toolchain/bin/../lib/gcc/avr/5.4.0/avr5\libgcc.a(_exit.o)
 .data          0x00000000        0x0 d:/atmel/studio/7.0/toolchain/avr8/avr8-gnu-toolchain/bin/../lib/gcc/avr/5.4.0/avr5\libgcc.a(_exit.o)
 .bss           0x00000000        0x0 d:/atmel/studio/7.0/toolchain/avr8/avr8-gnu-toolchain/bin/../lib/gcc/avr/5.4.0/avr5\libgcc.a(_exit.o)
 .text.libgcc.mul
                0x00000000        0x0 d:/atmel/studio/7.0/toolchain/avr8/avr8-gnu-toolchain/bin/../lib/gcc/avr/5.4.0/avr5\libgcc.a(_exit.o)
 .text.libgcc.div
                0x00000000        0x0 d:/atmel/studio/7.0/toolchain/avr8/avr8-gnu-toolchain/bin/../lib/gcc/avr/5.4.0/avr5\libgcc.a(_exit.o)
 .text.libgcc   0x00000000        0x0 d:/atmel/studio/7.0/toolchain/avr8/avr8-gnu-toolchain/bin/../lib/gcc/avr/5.4.0/avr5\libgcc.a(_exit.o)
 .text.libgcc.prologue
                0x00000000        0x0 d:/atmel/studio/7.0/toolchain/avr8/avr8-gnu-toolchain/bin/../lib/gcc/avr/5.4.0/avr5\libgcc.a(_exit.o)
 .text.libgcc.builtins
                0x00000000        0x0 d:/atmel/studio/7.0/toolchain/avr8/avr8-gnu-toolchain/bin/../lib/gcc/avr/5.4.0/avr5\libgcc.a(_exit.o)
 .text.libgcc.fmul
                0x00000000        0x0 d:/atmel/studio/7.0/toolchain/avr8/avr8-gnu-toolchain/bin/../lib/gcc/avr/5.4.0/avr5\libgcc.a(_exit.o)
 .text.libgcc.fixed
                0x00000000        0x0 d:/atmel/studio/7.0/toolchain/avr8/avr8-gnu-toolchain/bin/../lib/gcc/avr/5.4.0/avr5\libgcc.a(_exit.o)

Memory Configuration

Name             Origin             Length             Attributes
text             0x00000000         0x00008000         xr
data             0x00800060         0x00000800         rw !x
eeprom           0x00810000         0x00000400         rw !x
fuse             0x00820000         0x00000002         rw !x
lock             0x00830000         0x00000400         rw !x
signature        0x00840000         0x00000400         rw !x
user_signatures  0x00850000         0x00000400         rw !x
*default*        0x00000000         0xffffffff

Linker script and memory map

LOAD D:/Atmel/Studio/7.0/Packs/atmel/ATmega_DFP/1.6.364/gcc/dev/atmega32a/avr5/crtatmega32a.o
LOAD APP/ASMH_program.o
LOAD HAL/BTH/HBTH_program.o
LOAD HAL/LED/HLED_program.o
LOAD main.o
LOAD MCAL/GPIO/MDIO_program.o
LOAD MCAL/SPI/MSPI_program.o
LOAD MCAL/UART/MUART_program.o
START GROUP
LOAD d:/atmel/studio/7.0/toolchain/avr8/avr8-gnu-toolchain/bin/../lib/gcc/avr/5.4.0/../../../../avr/lib/avr5\libm.a
END GROUP
START GROUP
LOAD d:/atmel/studio/7.0/toolchain/avr8/avr8-gnu-toolchain/bin/../lib/gcc/avr/5.4.0/avr5\libgcc.a
LOAD d:/atmel/studio/7.0/toolchain/avr8/avr8-gnu-toolchain/bin/../lib/gcc/avr/5.4.0/../../../../avr/lib/avr5\libm.a
LOAD d:/atmel/studio/7.0/toolchain/avr8/avr8-gnu-toolchain/bin/../lib/gcc/avr/5.4.0/../../../../avr/lib/avr5\libc.a
LOAD D:/Atmel/Studio/7.0/Packs/atmel/ATmega_DFP/1.6.364/gcc/dev/atmega32a/avr5\libatmega32a.a
END GROUP
                [0x00000000]                __TEXT_REGION_ORIGIN__ = DEFINED (__TEXT_REGION_ORIGIN__)?__TEXT_REGION_ORIGIN__:0x0
                [0x00800060]                __DATA_REGION_ORIGIN__ = DEFINED (__DATA_REGION_ORIGIN__)?__DATA_REGION_ORIGIN__:0x800060
                [0x00008000]                __TEXT_REGION_LENGTH__ = DEFINED (__TEXT_REGION_LENGTH__)?__TEXT_REGION_LENGTH__:0x20000
                [0x00000800]                __DATA_REGION_LENGTH__ = DEFINED (__DATA_REGION_LENGTH__)?__DATA_REGION_LENGTH__:0xffa0
                [0x00000400]                __EEPROM_REGION_LENGTH__ = DEFINED (__EEPROM_REGION_LENGTH__)?__EEPROM_REGION_LENGTH__:0x10000
                [0x00000002]                __FUSE_REGION_LENGTH__ = DEFINED (__FUSE_REGION_LENGTH__)?__FUSE_REGION_LENGTH__:0x400
                0x00000400                __LOCK_REGION_LENGTH__ = DEFINED (__LOCK_REGION_LENGTH__)?__LOCK_REGION_LENGTH__:0x400
                0x00000400                __SIGNATURE_REGION_LENGTH__ = DEFINED (__SIGNATURE_REGION_LENGTH__)?__SIGNATURE_REGION_LENGTH__:0x400
                0x00000400                __USER_SIGNATURE_REGION_LENGTH__ = DEFINED (__USER_SIGNATURE_REGION_LENGTH__)?__USER_SIGNATURE_REGION_LENGTH__:0x400

.hash
 *(.hash)

.dynsym
 *(.dynsym)

.dynstr
 *(.dynstr)

.gnu.version
 *(.gnu.version)

.gnu.version_d
 *(.gnu.version_d)

.gnu.version_r
 *(.gnu.version_r)

.rel.init
 *(.rel.init)

.rela.init
 *(.rela.init)

.rel.text
 *(.rel.text)
 *(.rel.text.*)
 *(.rel.gnu.linkonce.t*)

.rela.text
 *(.rela.text)
 *(.rela.text.*)
 *(.rela.gnu.linkonce.t*)

.rel.fini
 *(.rel.fini)

.rela.fini
 *(.rela.fini)

.rel.rodata
 *(.rel.rodata)
 *(.rel.rodata.*)
 *(.rel.gnu.linkonce.r*)

.rela.rodata
 *(.rela.rodata)
 *(.rela.rodata.*)
 *(.rela.gnu.linkonce.r*)

.rel.data
 *(.rel.data)
 *(.rel.data.*)
 *(.rel.gnu.linkonce.d*)

.rela.data
 *(.rela.data)
 *(.rela.data.*)
 *(.rela.gnu.linkonce.d*)

.rel.ctors
 *(.rel.ctors)

.rela.ctors
 *(.rela.ctors)

.rel.dtors
 *(.rel.dtors)

.rela.dtors
 *(.rela.dtors)

.rel.got
 *(.rel.got)

.rela.got
 *(.rela.got)

.rel.bss
 *(.rel.bss)

.rela.bss
 *(.rela.bss)

.rel.plt
 *(.rel.plt)

.rela.plt
 *(.rela.plt)

.text           0x00000000      0x2a2
 *(.vectors)
 .vectors       0x00000000       0x54 D:/Atmel/Studio/7.0/Packs/atmel/ATmega_DFP/1.6.364/gcc/dev/atmega32a/avr5/crtatmega32a.o
                0x00000000                __vector_default
                0x00000000                __vectors
 *(.vectors)
 *(.progmem.gcc*)
                0x00000054                . = ALIGN (0x2)
                0x00000054                __trampolines_start = .
 *(.trampolines)
 .trampolines   0x00000054        0x0 linker stubs
 *(.trampolines*)
                0x00000054                __trampolines_end = .
 *libprintf_flt.a:*(.progmem.data)
 *libc.a:*(.progmem.data)
 *(.progmem*)
                0x00000054                . = ALIGN (0x2)
 *(.jumptables)
 *(.jumptables*)
 *(.lowtext)
 *(.lowtext*)
                0x00000054                __ctors_start = .
 *(.ctors)
                0x00000054                __ctors_end = .
                0x00000054                __dtors_start = .
 *(.dtors)
                0x00000054                __dtors_end = .
 SORT(*)(.ctors)
 SORT(*)(.dtors)
 *(.init0)
 .init0         0x00000054        0x0 D:/Atmel/Studio/7.0/Packs/atmel/ATmega_DFP/1.6.364/gcc/dev/atmega32a/avr5/crtatmega32a.o
                0x00000054                __init
 *(.init0)
 *(.init1)
 *(.init1)
 *(.init2)
 .init2         0x00000054        0xc D:/Atmel/Studio/7.0/Packs/atmel/ATmega_DFP/1.6.364/gcc/dev/atmega32a/avr5/crtatmega32a.o
 *(.init2)
 *(.init3)
 *(.init3)
 *(.init4)
 *(.init4)
 *(.init5)
 *(.init5)
 *(.init6)
 *(.init6)
 *(.init7)
 *(.init7)
 *(.init8)
 *(.init8)
 *(.init9)
 .init9         0x00000060        0x8 D:/Atmel/Studio/7.0/Packs/atmel/ATmega_DFP/1.6.364/gcc/dev/atmega32a/avr5/crtatmega32a.o
 *(.init9)
 *(.text)
 .text          0x00000068        0x4 D:/Atmel/Studio/7.0/Packs/atmel/ATmega_DFP/1.6.364/gcc/dev/atmega32a/avr5/crtatmega32a.o
                0x00000068                __vector_1
                0x00000068                __vector_12
                0x00000068                __bad_interrupt
                0x00000068                __vector_6
                0x00000068                __vector_3
                0x00000068                __vector_11
                0x00000068                __vector_13
                0x00000068                __vector_17
                0x00000068                __vector_19
                0x00000068                __vector_7
                0x00000068                __vector_5
                0x00000068                __vector_4
                0x00000068                __vector_9
                0x00000068                __vector_2
                0x00000068                __vector_15
                0x00000068                __vector_8
                0x00000068                __vector_14
                0x00000068                __vector_10
                0x00000068                __vector_16
                0x00000068                __vector_18
                0x00000068                __vector_20
                0x0000006c                . = ALIGN (0x2)
 *(.text.*)
 .text.asmh_initSpi
                0x0000006c       0x52 APP/ASMH_program.o
 .text.asmh_initApp
                0x000000be       0x22 APP/ASMH_program.o
                0x000000be                asmh_initApp
 .text.asmh_masterBTHRecvCmd
                0x000000e0        0x6 APP/ASMH_program.o
                0x000000e0                asmh_masterBTHRecvCmd
 .text.asmh_masterSPISendCmd
                0x000000e6        0xa APP/ASMH_program.o
                0x000000e6                asmh_masterSPISendCmd
 .text.hbth_init
                0x000000f0       0x1c HAL/BTH/HBTH_program.o
                0x000000f0                hbth_init
 .text.hbth_dataExists
                0x0000010c        0x6 HAL/BTH/HBTH_program.o
                0x0000010c                hbth_dataExists
 .text.hbth_recvCmd
                0x00000112        0x6 HAL/BTH/HBTH_program.o
                0x00000112                hbth_recvCmd
 .text.hled_init
                0x00000118       0x22 HAL/LED/HLED_program.o
                0x00000118                hled_init
 .text.main     0x0000013a       0x2c main.o
                0x0000013a                main
 .text.mdio_setPinStatus
                0x00000166       0xd2 MCAL/GPIO/MDIO_program.o
                0x00000166                mdio_setPinStatus
 .text.mspi_init
                0x00000238       0x16 MCAL/SPI/MSPI_program.o
                0x00000238                mspi_init
 .text.mspi_masterSendRecvByte
                0x0000024e       0x20 MCAL/SPI/MSPI_program.o
                0x0000024e                mspi_masterSendRecvByte
 .text.muart_init
                0x0000026e        0xe MCAL/UART/MUART_program.o
                0x0000026e                muart_init
 .text.muart_dataExists
                0x0000027c        0xa MCAL/UART/MUART_program.o
                0x0000027c                muart_dataExists
 .text.muart_recvByte
                0x00000286       0x18 MCAL/UART/MUART_program.o
                0x00000286                muart_recvByte
                0x0000029e                . = ALIGN (0x2)
 *(.fini9)
 .fini9         0x0000029e        0x0 d:/atmel/studio/7.0/toolchain/avr8/avr8-gnu-toolchain/bin/../lib/gcc/avr/5.4.0/avr5\libgcc.a(_exit.o)
                0x0000029e                _exit
                0x0000029e                exit
 *(.fini9)
 *(.fini8)
 *(.fini8)
 *(.fini7)
 *(.fini7)
 *(.fini6)
 *(.fini6)
 *(.fini5)
 *(.fini5)
 *(.fini4)
 *(.fini4)
 *(.fini3)
 *(.fini3)
 *(.fini2)
 *(.fini2)
 *(.fini1)
 *(.fini1)
 *(.fini0)
 .fini0         0x0000029e        0x4 d:/atmel/studio/7.0/toolchain/avr8/avr8-gnu-toolchain/bin/../lib/gcc/avr/5.4.0/avr5\libgcc.a(_exit.o)
 *(.fini0)
                0x000002a2                _etext = .

.data           0x00800060        0x0 load address 0x000002a2
                [!provide]                PROVIDE (__data_start, .)
 *(.data)
 *(.data*)
 *(.gnu.linkonce.d*)
 *(.rodata)
 *(.rodata*)
 *(.gnu.linkonce.r*)
                0x00800060                . = ALIGN (0x2)
                0x00800060                _edata = .
                [!provide]                PROVIDE (__data_end, .)

.bss            0x00800060        0x0
                [!provide]                PROVIDE (__bss_start, .)
 *(.bss)
 *(.bss*)
 *(COMMON)
                [!provide]                PROVIDE (__bss_end, .)
                0x000002a2                __data_load_start = LOADADDR (.data)
                0x000002a2                __data_load_end = (__data_load_start + SIZEOF (.data))

.noinit         0x00800060        0x0
                [!provide]                PROVIDE (__noinit_start, .)
 *(.noinit*)
                [!provide]                PROVIDE (__noinit_end, .)
                0x00800060                _end = .
                [!provide]                PROVIDE (__heap_start, .)

.eeprom         0x00810000        0x0
 *(.eeprom*)
                0x00810000                __eeprom_end = .

.fuse
 *(.fuse)
 *(.lfuse)
 *(.hfuse)
 *(.efuse)

.lock
 *(.lock*)

.signature
 *(.signature*)

.user_signatures
 *(.user_signatures*)

.stab
 *(.stab)

.stabstr
 *(.stabstr)

.stab.excl
 *(.stab.excl)

.stab.exclstr
 *(.stab.exclstr)

.stab.index
 *(.stab.index)

.stab.indexstr
 *(.stab.indexstr)

.comment        0x00000000       0x30
 *(.comment)
 .comment       0x00000000       0x30 APP/ASMH_program.o
                                 0x31 (size before relaxing)
 .comment       0x00000030       0x31 HAL/BTH/HBTH_program.o
 .comment       0x00000030       0x31 HAL/LED/HLED_program.o
 .comment       0x00000030       0x31 main.o
 .comment       0x00000030       0x31 MCAL/GPIO/MDIO_program.o
 .comment       0x00000030       0x31 MCAL/SPI/MSPI_program.o
 .comment       0x00000030       0x31 MCAL/UART/MUART_program.o

.note.gnu.avr.deviceinfo
                0x00000000       0x3c
 .note.gnu.avr.deviceinfo
                0x00000000       0x3c D:/Atmel/Studio/7.0/Packs/atmel/ATmega_DFP/1.6.364/gcc/dev/atmega32a/avr5/crtatmega32a.o

.note.gnu.build-id
 *(.note.gnu.build-id)

.debug
 *(.debug)

.line
 *(.line)

.debug_srcinfo
 *(.debug_srcinfo)

.debug_sfnames
 *(.debug_sfnames)

.debug_aranges  0x00000000      0x178
 *(.debug_aranges)
 .debug_aranges
                0x00000000       0x48 APP/ASMH_program.o
 .debug_aranges
                0x00000048       0x30 HAL/BTH/HBTH_program.o
 .debug_aranges
                0x00000078       0x38 HAL/LED/HLED_program.o
 .debug_aranges
                0x000000b0       0x20 main.o
 .debug_aranges
                0x000000d0       0x38 MCAL/GPIO/MDIO_program.o
 .debug_aranges
                0x00000108       0x30 MCAL/SPI/MSPI_program.o
 .debug_aranges
                0x00000138       0x40 MCAL/UART/MUART_program.o

.debug_pubnames
 *(.debug_pubnames)

.debug_info     0x00000000     0x1290
 *(.debug_info .gnu.linkonce.wi.*)
 .debug_info    0x00000000      0x4e6 D:/Atmel/Studio/7.0/Packs/atmel/ATmega_DFP/1.6.364/gcc/dev/atmega32a/avr5/crtatmega32a.o
 .debug_info    0x000004e6      0x3b4 APP/ASMH_program.o
 .debug_info    0x0000089a      0x174 HAL/BTH/HBTH_program.o
 .debug_info    0x00000a0e      0x20a HAL/LED/HLED_program.o
 .debug_info    0x00000c18      0x114 main.o
 .debug_info    0x00000d2c      0x17e MCAL/GPIO/MDIO_program.o
 .debug_info    0x00000eaa      0x1e3 MCAL/SPI/MSPI_program.o
 .debug_info    0x0000108d      0x203 MCAL/UART/MUART_program.o

.debug_abbrev   0x00000000      0xa48
 *(.debug_abbrev)
 .debug_abbrev  0x00000000      0x4a3 D:/Atmel/Studio/7.0/Packs/atmel/ATmega_DFP/1.6.364/gcc/dev/atmega32a/avr5/crtatmega32a.o
 .debug_abbrev  0x000004a3       0xd3 APP/ASMH_program.o
 .debug_abbrev  0x00000576       0xbd HAL/BTH/HBTH_program.o
 .debug_abbrev  0x00000633       0x8d HAL/LED/HLED_program.o
 .debug_abbrev  0x000006c0       0x9d main.o
 .debug_abbrev  0x0000075d       0x9e MCAL/GPIO/MDIO_program.o
 .debug_abbrev  0x000007fb      0x107 MCAL/SPI/MSPI_program.o
 .debug_abbrev  0x00000902      0x146 MCAL/UART/MUART_program.o

.debug_line     0x00000000      0xb60
 *(.debug_line .debug_line.* .debug_line_end)
 .debug_line    0x00000000      0x116 D:/Atmel/Studio/7.0/Packs/atmel/ATmega_DFP/1.6.364/gcc/dev/atmega32a/avr5/crtatmega32a.o
 .debug_line    0x00000116      0x1e9 APP/ASMH_program.o
 .debug_line    0x000002ff       0xe6 HAL/BTH/HBTH_program.o
 .debug_line    0x000003e5      0x112 HAL/LED/HLED_program.o
 .debug_line    0x000004f7       0xaf main.o
 .debug_line    0x000005a6      0x256 MCAL/GPIO/MDIO_program.o
 .debug_line    0x000007fc      0x17b MCAL/SPI/MSPI_program.o
 .debug_line    0x00000977      0x1e9 MCAL/UART/MUART_program.o

.debug_frame    0x00000000      0x264
 *(.debug_frame)
 .debug_frame   0x00000000       0x7c APP/ASMH_program.o
 .debug_frame   0x0000007c       0x44 HAL/BTH/HBTH_program.o
 .debug_frame   0x000000c0       0x54 HAL/LED/HLED_program.o
 .debug_frame   0x00000114       0x34 main.o
 .debug_frame   0x00000148       0x54 MCAL/GPIO/MDIO_program.o
 .debug_frame   0x0000019c       0x44 MCAL/SPI/MSPI_program.o
 .debug_frame   0x000001e0       0x84 MCAL/UART/MUART_program.o

.debug_str      0x00000000      0x682
 *(.debug_str)
 .debug_str     0x00000000      0x196 D:/Atmel/Studio/7.0/Packs/atmel/ATmega_DFP/1.6.364/gcc/dev/atmega32a/avr5/crtatmega32a.o
 .debug_str     0x00000196      0x26c APP/ASMH_program.o
                                0x293 (size before relaxing)
 .debug_str     0x00000402       0x62 HAL/BTH/HBTH_program.o
                                0x1cb (size before relaxing)
 .debug_str     0x00000464       0x47 HAL/LED/HLED_program.o
                                0x1d1 (size before relaxing)
 .debug_str     0x000004ab       0x1d main.o
                                0x1a6 (size before relaxing)
 .debug_str     0x000004c8       0x59 MCAL/GPIO/MDIO_program.o
                                0x1d0 (size before relaxing)
 .debug_str     0x00000521       0xd5 MCAL/SPI/MSPI_program.o
                                0x267 (size before relaxing)
 .debug_str     0x000005f6       0x8c MCAL/UART/MUART_program.o
                                0x277 (size before relaxing)

.debug_loc      0x00000000      0xc76
 *(.debug_loc)
 .debug_loc     0x00000000      0x1c6 APP/ASMH_program.o
 .debug_loc     0x000001c6       0x26 HAL/BTH/HBTH_program.o
 .debug_loc     0x000001ec       0xe8 HAL/LED/HLED_program.o
 .debug_loc     0x000002d4       0x48 main.o
 .debug_loc     0x0000031c      0x679 MCAL/GPIO/MDIO_program.o
 .debug_loc     0x00000995      0x120 MCAL/SPI/MSPI_program.o
 .debug_loc     0x00000ab5      0x1c1 MCAL/UART/MUART_program.o

.debug_macinfo
 *(.debug_macinfo)

.debug_weaknames
 *(.debug_weaknames)

.debug_funcnames
 *(.debug_funcnames)

.debug_typenames
 *(.debug_typenames)

.debug_varnames
 *(.debug_varnames)

.debug_pubtypes
 *(.debug_pubtypes)

.debug_ranges   0x00000000      0x108
 *(.debug_ranges)
 .debug_ranges  0x00000000       0x38 APP/ASMH_program.o
 .debug_ranges  0x00000038       0x20 HAL/BTH/HBTH_program.o
 .debug_ranges  0x00000058       0x28 HAL/LED/HLED_program.o
 .debug_ranges  0x00000080       0x10 main.o
 .debug_ranges  0x00000090       0x28 MCAL/GPIO/MDIO_program.o
 .debug_ranges  0x000000b8       0x20 MCAL/SPI/MSPI_program.o
 .debug_ranges  0x000000d8       0x30 MCAL/UART/MUART_program.o

.debug_macro
 *(.debug_macro)
OUTPUT(Smart_Home.elf elf32-avr)
LOAD linker stubs
